[2020-05-13T20:08:46.604-0500][gc,heap] Heap region size: 1M
[2020-05-13T20:08:46.612-0500][gc     ] Using G1
[2020-05-13T20:08:46.612-0500][gc,heap,coops] Heap address: 0x00000000c0000000, size: 1024 MB, Compressed Oops mode: 32-bit
[2020-05-13T20:08:46.612-0500][gc,cds       ] Mark closed archive regions in map: [0x00000000fff00000, 0x00000000fff69ff8]
[2020-05-13T20:08:46.612-0500][gc,cds       ] Mark open archive regions in map: [0x00000000ffe00000, 0x00000000ffe46ff8]
[2020-05-13T20:08:47.785-0500][gc,start     ] GC(0) Pause Young (Normal) (G1 Evacuation Pause)
[2020-05-13T20:08:47.785-0500][gc,task      ] GC(0) Using 8 workers of 8 for evacuation
[2020-05-13T20:08:47.807-0500][gc,mmu       ] GC(0) MMU target violated: 21.0ms (20.0ms/21.0ms)
[2020-05-13T20:08:47.807-0500][gc,phases    ] GC(0)   Pre Evacuate Collection Set: 0.0ms
[2020-05-13T20:08:47.807-0500][gc,phases    ] GC(0)   Evacuate Collection Set: 20.8ms
[2020-05-13T20:08:47.807-0500][gc,phases    ] GC(0)   Post Evacuate Collection Set: 0.7ms
[2020-05-13T20:08:47.807-0500][gc,phases    ] GC(0)   Other: 0.8ms
[2020-05-13T20:08:47.807-0500][gc,heap      ] GC(0) Eden regions: 51->0(44)
[2020-05-13T20:08:47.807-0500][gc,heap      ] GC(0) Survivor regions: 0->7(7)
[2020-05-13T20:08:47.807-0500][gc,heap      ] GC(0) Old regions: 2->2
[2020-05-13T20:08:47.807-0500][gc,heap      ] GC(0) Humongous regions: 0->0
[2020-05-13T20:08:47.807-0500][gc,metaspace ] GC(0) Metaspace: 16200K->16200K(1062912K)
[2020-05-13T20:08:47.807-0500][gc           ] GC(0) Pause Young (Normal) (G1 Evacuation Pause) 51M->6M(1024M) 22.433ms
[2020-05-13T20:08:47.807-0500][gc,cpu       ] GC(0) User=0.14s Sys=0.00s Real=0.02s
[2020-05-13T20:08:48.135-0500][gc,start     ] GC(1) Pause Young (Concurrent Start) (Metadata GC Threshold)
[2020-05-13T20:08:48.135-0500][gc,task      ] GC(1) Using 8 workers of 8 for evacuation
[2020-05-13T20:08:48.144-0500][gc,phases    ] GC(1)   Pre Evacuate Collection Set: 0.0ms
[2020-05-13T20:08:48.144-0500][gc,phases    ] GC(1)   Evacuate Collection Set: 7.6ms
[2020-05-13T20:08:48.144-0500][gc,phases    ] GC(1)   Post Evacuate Collection Set: 0.4ms
[2020-05-13T20:08:48.144-0500][gc,phases    ] GC(1)   Other: 0.2ms
[2020-05-13T20:08:48.144-0500][gc,heap      ] GC(1) Eden regions: 19->0(49)
[2020-05-13T20:08:48.144-0500][gc,heap      ] GC(1) Survivor regions: 7->2(7)
[2020-05-13T20:08:48.144-0500][gc,heap      ] GC(1) Old regions: 2->9
[2020-05-13T20:08:48.144-0500][gc,heap      ] GC(1) Humongous regions: 129->129
[2020-05-13T20:08:48.144-0500][gc,metaspace ] GC(1) Metaspace: 20429K->20429K(1067008K)
[2020-05-13T20:08:48.144-0500][gc           ] GC(1) Pause Young (Concurrent Start) (Metadata GC Threshold) 154M->137M(1024M) 8.322ms
[2020-05-13T20:08:48.144-0500][gc,cpu       ] GC(1) User=0.03s Sys=0.00s Real=0.01s
[2020-05-13T20:08:48.144-0500][gc           ] GC(2) Concurrent Cycle
[2020-05-13T20:08:48.144-0500][gc,marking   ] GC(2) Concurrent Clear Claimed Marks
[2020-05-13T20:08:48.144-0500][gc,marking   ] GC(2) Concurrent Clear Claimed Marks 0.031ms
[2020-05-13T20:08:48.144-0500][gc,marking   ] GC(2) Concurrent Scan Root Regions
[2020-05-13T20:08:48.145-0500][gc,marking   ] GC(2) Concurrent Scan Root Regions 0.803ms
[2020-05-13T20:08:48.145-0500][gc,marking   ] GC(2) Concurrent Mark (1.543s)
[2020-05-13T20:08:48.145-0500][gc,marking   ] GC(2) Concurrent Mark From Roots
[2020-05-13T20:08:48.145-0500][gc,task      ] GC(2) Using 2 workers of 2 for marking
[2020-05-13T20:08:48.152-0500][gc,marking   ] GC(2) Concurrent Mark From Roots 7.047ms
[2020-05-13T20:08:48.152-0500][gc,marking   ] GC(2) Concurrent Preclean
[2020-05-13T20:08:48.152-0500][gc,marking   ] GC(2) Concurrent Preclean 0.197ms
[2020-05-13T20:08:48.152-0500][gc,marking   ] GC(2) Concurrent Mark (1.543s, 1.551s) 7.329ms
[2020-05-13T20:08:48.152-0500][gc,start     ] GC(2) Pause Remark
[2020-05-13T20:08:48.156-0500][gc,stringtable] GC(2) Cleaned string and symbol table, strings: 4944 processed, 0 removed, symbols: 50068 processed, 50 removed
[2020-05-13T20:08:48.156-0500][gc            ] GC(2) Pause Remark 138M->138M(1024M) 4.261ms
[2020-05-13T20:08:48.156-0500][gc,cpu        ] GC(2) User=0.02s Sys=0.00s Real=0.01s
[2020-05-13T20:08:48.156-0500][gc,marking    ] GC(2) Concurrent Rebuild Remembered Sets
[2020-05-13T20:08:48.159-0500][gc,marking    ] GC(2) Concurrent Rebuild Remembered Sets 3.076ms
[2020-05-13T20:08:48.160-0500][gc,start      ] GC(2) Pause Cleanup
[2020-05-13T20:08:48.160-0500][gc            ] GC(2) Pause Cleanup 138M->138M(1024M) 0.163ms
[2020-05-13T20:08:48.160-0500][gc,cpu        ] GC(2) User=0.00s Sys=0.00s Real=0.00s
[2020-05-13T20:08:48.160-0500][gc,marking    ] GC(2) Concurrent Cleanup for Next Mark
[2020-05-13T20:08:48.164-0500][gc,marking    ] GC(2) Concurrent Cleanup for Next Mark 4.369ms
[2020-05-13T20:08:48.164-0500][gc            ] GC(2) Concurrent Cycle 20.491ms
[2020-05-13T20:08:48.765-0500][gc,start      ] GC(3) Pause Young (Normal) (G1 Evacuation Pause)
[2020-05-13T20:08:48.765-0500][gc,task       ] GC(3) Using 8 workers of 8 for evacuation
[2020-05-13T20:08:48.772-0500][gc,phases     ] GC(3)   Pre Evacuate Collection Set: 0.0ms
[2020-05-13T20:08:48.772-0500][gc,phases     ] GC(3)   Evacuate Collection Set: 6.3ms
[2020-05-13T20:08:48.772-0500][gc,phases     ] GC(3)   Post Evacuate Collection Set: 0.6ms
[2020-05-13T20:08:48.772-0500][gc,phases     ] GC(3)   Other: 0.1ms
[2020-05-13T20:08:48.772-0500][gc,heap       ] GC(3) Eden regions: 49->0(46)
[2020-05-13T20:08:48.772-0500][gc,heap       ] GC(3) Survivor regions: 2->5(7)
[2020-05-13T20:08:48.772-0500][gc,heap       ] GC(3) Old regions: 9->9
[2020-05-13T20:08:48.772-0500][gc,heap       ] GC(3) Humongous regions: 129->129
[2020-05-13T20:08:48.772-0500][gc,metaspace  ] GC(3) Metaspace: 30001K->30001K(1077248K)
[2020-05-13T20:08:48.772-0500][gc            ] GC(3) Pause Young (Normal) (G1 Evacuation Pause) 186M->140M(1024M) 7.222ms
[2020-05-13T20:08:48.772-0500][gc,cpu        ] GC(3) User=0.03s Sys=0.00s Real=0.00s
[2020-05-13T20:09:18.523-0500][gc,start      ] GC(4) Pause Young (Concurrent Start) (Metadata GC Threshold)
[2020-05-13T20:09:18.523-0500][gc,task       ] GC(4) Using 8 workers of 8 for evacuation
[2020-05-13T20:09:18.528-0500][gc,phases     ] GC(4)   Pre Evacuate Collection Set: 0.1ms
[2020-05-13T20:09:18.528-0500][gc,phases     ] GC(4)   Evacuate Collection Set: 4.5ms
[2020-05-13T20:09:18.528-0500][gc,phases     ] GC(4)   Post Evacuate Collection Set: 0.5ms
[2020-05-13T20:09:18.528-0500][gc,phases     ] GC(4)   Other: 0.2ms
[2020-05-13T20:09:18.528-0500][gc,heap       ] GC(4) Eden regions: 22->0(49)
[2020-05-13T20:09:18.528-0500][gc,heap       ] GC(4) Survivor regions: 5->2(7)
[2020-05-13T20:09:18.528-0500][gc,heap       ] GC(4) Old regions: 9->14
[2020-05-13T20:09:18.528-0500][gc,heap       ] GC(4) Humongous regions: 129->129
[2020-05-13T20:09:18.528-0500][gc,metaspace  ] GC(4) Metaspace: 34460K->34460K(1079296K)
[2020-05-13T20:09:18.528-0500][gc            ] GC(4) Pause Young (Concurrent Start) (Metadata GC Threshold) 162M->141M(1024M) 5.417ms
[2020-05-13T20:09:18.528-0500][gc,cpu        ] GC(4) User=0.03s Sys=0.01s Real=0.00s
[2020-05-13T20:09:18.528-0500][gc            ] GC(5) Concurrent Cycle
[2020-05-13T20:09:18.528-0500][gc,marking    ] GC(5) Concurrent Clear Claimed Marks
[2020-05-13T20:09:18.528-0500][gc,marking    ] GC(5) Concurrent Clear Claimed Marks 0.081ms
[2020-05-13T20:09:18.528-0500][gc,marking    ] GC(5) Concurrent Scan Root Regions
[2020-05-13T20:09:18.529-0500][gc,marking    ] GC(5) Concurrent Scan Root Regions 0.916ms
[2020-05-13T20:09:18.529-0500][gc,marking    ] GC(5) Concurrent Mark (31.928s)
[2020-05-13T20:09:18.529-0500][gc,marking    ] GC(5) Concurrent Mark From Roots
[2020-05-13T20:09:18.529-0500][gc,task       ] GC(5) Using 2 workers of 2 for marking
[2020-05-13T20:09:18.543-0500][gc,marking    ] GC(5) Concurrent Mark From Roots 13.712ms
[2020-05-13T20:09:18.543-0500][gc,marking    ] GC(5) Concurrent Preclean
[2020-05-13T20:09:18.543-0500][gc,marking    ] GC(5) Concurrent Preclean 0.145ms
[2020-05-13T20:09:18.543-0500][gc,marking    ] GC(5) Concurrent Mark (31.928s, 31.942s) 13.917ms
[2020-05-13T20:09:18.543-0500][gc,start      ] GC(5) Pause Remark
[2020-05-13T20:09:18.546-0500][gc,stringtable] GC(5) Cleaned string and symbol table, strings: 10407 processed, 11 removed, symbols: 78793 processed, 27 removed
[2020-05-13T20:09:18.547-0500][gc            ] GC(5) Pause Remark 142M->142M(1024M) 3.206ms
[2020-05-13T20:09:18.547-0500][gc,cpu        ] GC(5) User=0.01s Sys=0.00s Real=0.00s
[2020-05-13T20:09:18.547-0500][gc,marking    ] GC(5) Concurrent Rebuild Remembered Sets
[2020-05-13T20:09:18.554-0500][gc,marking    ] GC(5) Concurrent Rebuild Remembered Sets 6.998ms
[2020-05-13T20:09:18.554-0500][gc,start      ] GC(5) Pause Cleanup
[2020-05-13T20:09:18.554-0500][gc            ] GC(5) Pause Cleanup 142M->142M(1024M) 0.117ms
[2020-05-13T20:09:18.554-0500][gc,cpu        ] GC(5) User=0.00s Sys=0.00s Real=0.00s
[2020-05-13T20:09:18.554-0500][gc,marking    ] GC(5) Concurrent Cleanup for Next Mark
[2020-05-13T20:09:18.559-0500][gc,marking    ] GC(5) Concurrent Cleanup for Next Mark 4.556ms
[2020-05-13T20:09:18.559-0500][gc            ] GC(5) Concurrent Cycle 30.311ms
[2020-05-13T20:15:18.083-0500][gc,start      ] GC(6) Pause Young (Normal) (G1 Evacuation Pause)
[2020-05-13T20:15:18.083-0500][gc,task       ] GC(6) Using 8 workers of 8 for evacuation
[2020-05-13T20:15:18.086-0500][gc,phases     ] GC(6)   Pre Evacuate Collection Set: 0.0ms
[2020-05-13T20:15:18.086-0500][gc,phases     ] GC(6)   Evacuate Collection Set: 2.8ms
[2020-05-13T20:15:18.086-0500][gc,phases     ] GC(6)   Post Evacuate Collection Set: 0.5ms
[2020-05-13T20:15:18.086-0500][gc,phases     ] GC(6)   Other: 0.2ms
[2020-05-13T20:15:18.086-0500][gc,heap       ] GC(6) Eden regions: 49->0(48)
[2020-05-13T20:15:18.086-0500][gc,heap       ] GC(6) Survivor regions: 2->3(7)
[2020-05-13T20:15:18.086-0500][gc,heap       ] GC(6) Old regions: 14->14
[2020-05-13T20:15:18.086-0500][gc,heap       ] GC(6) Humongous regions: 129->129
[2020-05-13T20:15:18.086-0500][gc,metaspace  ] GC(6) Metaspace: 38517K->38517K(1083392K)
[2020-05-13T20:15:18.086-0500][gc            ] GC(6) Pause Young (Normal) (G1 Evacuation Pause) 190M->143M(1024M) 3.647ms
[2020-05-13T20:15:18.086-0500][gc,cpu        ] GC(6) User=0.02s Sys=0.00s Real=0.00s
[2020-05-13T20:38:18.077-0500][gc,start      ] GC(7) Pause Young (Normal) (G1 Evacuation Pause)
[2020-05-13T20:38:18.077-0500][gc,task       ] GC(7) Using 8 workers of 8 for evacuation
[2020-05-13T20:38:18.082-0500][gc,phases     ] GC(7)   Pre Evacuate Collection Set: 0.0ms
[2020-05-13T20:38:18.082-0500][gc,phases     ] GC(7)   Evacuate Collection Set: 3.7ms
[2020-05-13T20:38:18.082-0500][gc,phases     ] GC(7)   Post Evacuate Collection Set: 0.5ms
[2020-05-13T20:38:18.082-0500][gc,phases     ] GC(7)   Other: 0.3ms
[2020-05-13T20:38:18.082-0500][gc,heap       ] GC(7) Eden regions: 48->0(48)
[2020-05-13T20:38:18.082-0500][gc,heap       ] GC(7) Survivor regions: 3->3(7)
[2020-05-13T20:38:18.082-0500][gc,heap       ] GC(7) Old regions: 14->14
[2020-05-13T20:38:18.082-0500][gc,heap       ] GC(7) Humongous regions: 129->129
[2020-05-13T20:38:18.082-0500][gc,metaspace  ] GC(7) Metaspace: 38749K->38749K(1083392K)
[2020-05-13T20:38:18.082-0500][gc            ] GC(7) Pause Young (Normal) (G1 Evacuation Pause) 191M->143M(1024M) 4.561ms
[2020-05-13T20:38:18.082-0500][gc,cpu        ] GC(7) User=0.02s Sys=0.00s Real=0.00s
[2020-05-13T21:02:39.941-0500][gc,start      ] GC(8) Pause Young (Normal) (G1 Evacuation Pause)
[2020-05-13T21:02:39.941-0500][gc,task       ] GC(8) Using 8 workers of 8 for evacuation
[2020-05-13T21:02:39.944-0500][gc,phases     ] GC(8)   Pre Evacuate Collection Set: 0.0ms
[2020-05-13T21:02:39.944-0500][gc,phases     ] GC(8)   Evacuate Collection Set: 1.9ms
[2020-05-13T21:02:39.944-0500][gc,phases     ] GC(8)   Post Evacuate Collection Set: 0.7ms
[2020-05-13T21:02:39.944-0500][gc,phases     ] GC(8)   Other: 0.2ms
[2020-05-13T21:02:39.944-0500][gc,heap       ] GC(8) Eden regions: 48->0(48)
[2020-05-13T21:02:39.944-0500][gc,heap       ] GC(8) Survivor regions: 3->3(7)
[2020-05-13T21:02:39.944-0500][gc,heap       ] GC(8) Old regions: 14->14
[2020-05-13T21:02:39.944-0500][gc,heap       ] GC(8) Humongous regions: 129->129
[2020-05-13T21:02:39.944-0500][gc,metaspace  ] GC(8) Metaspace: 38838K->38838K(1083392K)
[2020-05-13T21:02:39.944-0500][gc            ] GC(8) Pause Young (Normal) (G1 Evacuation Pause) 191M->143M(1024M) 2.897ms
[2020-05-13T21:02:39.944-0500][gc,cpu        ] GC(8) User=0.01s Sys=0.00s Real=0.01s
[2020-05-13T21:27:18.077-0500][gc,start      ] GC(9) Pause Young (Normal) (G1 Evacuation Pause)
[2020-05-13T21:27:18.077-0500][gc,task       ] GC(9) Using 8 workers of 8 for evacuation
[2020-05-13T21:27:18.084-0500][gc,phases     ] GC(9)   Pre Evacuate Collection Set: 0.0ms
[2020-05-13T21:27:18.084-0500][gc,phases     ] GC(9)   Evacuate Collection Set: 2.3ms
[2020-05-13T21:27:18.084-0500][gc,phases     ] GC(9)   Post Evacuate Collection Set: 4.9ms
[2020-05-13T21:27:18.084-0500][gc,phases     ] GC(9)   Other: 0.3ms
[2020-05-13T21:27:18.084-0500][gc,heap       ] GC(9) Eden regions: 48->0(48)
[2020-05-13T21:27:18.084-0500][gc,heap       ] GC(9) Survivor regions: 3->3(7)
[2020-05-13T21:27:18.084-0500][gc,heap       ] GC(9) Old regions: 14->14
[2020-05-13T21:27:18.084-0500][gc,heap       ] GC(9) Humongous regions: 129->129
[2020-05-13T21:27:18.084-0500][gc,metaspace  ] GC(9) Metaspace: 38905K->38905K(1083392K)
[2020-05-13T21:27:18.084-0500][gc            ] GC(9) Pause Young (Normal) (G1 Evacuation Pause) 191M->143M(1024M) 7.604ms
[2020-05-13T21:27:18.085-0500][gc,cpu        ] GC(9) User=0.04s Sys=0.00s Real=0.01s
[2020-05-13T21:51:33.746-0500][gc,start      ] GC(10) Pause Young (Normal) (G1 Evacuation Pause)
[2020-05-13T21:51:33.746-0500][gc,task       ] GC(10) Using 8 workers of 8 for evacuation
[2020-05-13T21:51:33.749-0500][gc,phases     ] GC(10)   Pre Evacuate Collection Set: 0.0ms
[2020-05-13T21:51:33.749-0500][gc,phases     ] GC(10)   Evacuate Collection Set: 2.2ms
[2020-05-13T21:51:33.749-0500][gc,phases     ] GC(10)   Post Evacuate Collection Set: 0.7ms
[2020-05-13T21:51:33.749-0500][gc,phases     ] GC(10)   Other: 0.2ms
[2020-05-13T21:51:33.749-0500][gc,heap       ] GC(10) Eden regions: 48->0(52)
[2020-05-13T21:51:33.749-0500][gc,heap       ] GC(10) Survivor regions: 3->3(7)
[2020-05-13T21:51:33.749-0500][gc,heap       ] GC(10) Old regions: 14->14
[2020-05-13T21:51:33.749-0500][gc,heap       ] GC(10) Humongous regions: 129->129
[2020-05-13T21:51:33.749-0500][gc,metaspace  ] GC(10) Metaspace: 38936K->38936K(1083392K)
[2020-05-13T21:51:33.749-0500][gc            ] GC(10) Pause Young (Normal) (G1 Evacuation Pause) 191M->143M(1024M) 3.183ms
[2020-05-13T21:51:33.749-0500][gc,cpu        ] GC(10) User=0.02s Sys=0.00s Real=0.00s
[2020-05-13T22:17:59.941-0500][gc,start      ] GC(11) Pause Young (Normal) (G1 Evacuation Pause)
[2020-05-13T22:17:59.941-0500][gc,task       ] GC(11) Using 8 workers of 8 for evacuation
[2020-05-13T22:17:59.944-0500][gc,phases     ] GC(11)   Pre Evacuate Collection Set: 0.0ms
[2020-05-13T22:17:59.944-0500][gc,phases     ] GC(11)   Evacuate Collection Set: 2.1ms
[2020-05-13T22:17:59.944-0500][gc,phases     ] GC(11)   Post Evacuate Collection Set: 0.6ms
[2020-05-13T22:17:59.944-0500][gc,phases     ] GC(11)   Other: 0.2ms
[2020-05-13T22:17:59.944-0500][gc,heap       ] GC(11) Eden regions: 52->0(56)
[2020-05-13T22:17:59.944-0500][gc,heap       ] GC(11) Survivor regions: 3->3(7)
[2020-05-13T22:17:59.944-0500][gc,heap       ] GC(11) Old regions: 14->14
[2020-05-13T22:17:59.944-0500][gc,heap       ] GC(11) Humongous regions: 129->129
[2020-05-13T22:17:59.944-0500][gc,metaspace  ] GC(11) Metaspace: 39011K->39011K(1085440K)
[2020-05-13T22:17:59.944-0500][gc            ] GC(11) Pause Young (Normal) (G1 Evacuation Pause) 195M->143M(1024M) 3.057ms
[2020-05-13T22:17:59.944-0500][gc,cpu        ] GC(11) User=0.02s Sys=0.00s Real=0.01s
[2020-05-13T22:46:40.234-0500][gc,start      ] GC(12) Pause Young (Normal) (G1 Evacuation Pause)
[2020-05-13T22:46:40.234-0500][gc,task       ] GC(12) Using 8 workers of 8 for evacuation
[2020-05-13T22:46:40.239-0500][gc,phases     ] GC(12)   Pre Evacuate Collection Set: 0.0ms
[2020-05-13T22:46:40.239-0500][gc,phases     ] GC(12)   Evacuate Collection Set: 2.4ms
[2020-05-13T22:46:40.239-0500][gc,phases     ] GC(12)   Post Evacuate Collection Set: 2.7ms
[2020-05-13T22:46:40.239-0500][gc,phases     ] GC(12)   Other: 0.2ms
[2020-05-13T22:46:40.239-0500][gc,heap       ] GC(12) Eden regions: 56->0(63)
[2020-05-13T22:46:40.239-0500][gc,heap       ] GC(12) Survivor regions: 3->3(8)
[2020-05-13T22:46:40.239-0500][gc,heap       ] GC(12) Old regions: 14->14
[2020-05-13T22:46:40.239-0500][gc,heap       ] GC(12) Humongous regions: 129->129
[2020-05-13T22:46:40.239-0500][gc,metaspace  ] GC(12) Metaspace: 39014K->39014K(1085440K)
[2020-05-13T22:46:40.239-0500][gc            ] GC(12) Pause Young (Normal) (G1 Evacuation Pause) 199M->143M(1024M) 5.536ms
[2020-05-13T22:46:40.239-0500][gc,cpu        ] GC(12) User=0.03s Sys=0.00s Real=0.01s
