[2020-05-15T00:58:23.198-0500][gc,heap] Heap region size: 1M
[2020-05-15T00:58:23.206-0500][gc     ] Using G1
[2020-05-15T00:58:23.206-0500][gc,heap,coops] Heap address: 0x00000000c0000000, size: 1024 MB, Compressed Oops mode: 32-bit
[2020-05-15T00:58:23.206-0500][gc,cds       ] Mark closed archive regions in map: [0x00000000fff00000, 0x00000000fff69ff8]
[2020-05-15T00:58:23.206-0500][gc,cds       ] Mark open archive regions in map: [0x00000000ffe00000, 0x00000000ffe46ff8]
[2020-05-15T00:58:24.199-0500][gc,start     ] GC(0) Pause Young (Normal) (G1 Evacuation Pause)
[2020-05-15T00:58:24.200-0500][gc,task      ] GC(0) Using 8 workers of 8 for evacuation
[2020-05-15T00:58:24.209-0500][gc,phases    ] GC(0)   Pre Evacuate Collection Set: 0.0ms
[2020-05-15T00:58:24.209-0500][gc,phases    ] GC(0)   Evacuate Collection Set: 8.0ms
[2020-05-15T00:58:24.209-0500][gc,phases    ] GC(0)   Post Evacuate Collection Set: 0.5ms
[2020-05-15T00:58:24.209-0500][gc,phases    ] GC(0)   Other: 1.0ms
[2020-05-15T00:58:24.209-0500][gc,heap      ] GC(0) Eden regions: 51->0(44)
[2020-05-15T00:58:24.209-0500][gc,heap      ] GC(0) Survivor regions: 0->7(7)
[2020-05-15T00:58:24.209-0500][gc,heap      ] GC(0) Old regions: 2->2
[2020-05-15T00:58:24.209-0500][gc,heap      ] GC(0) Humongous regions: 0->0
[2020-05-15T00:58:24.209-0500][gc,metaspace ] GC(0) Metaspace: 16179K->16179K(1062912K)
[2020-05-15T00:58:24.209-0500][gc           ] GC(0) Pause Young (Normal) (G1 Evacuation Pause) 51M->6M(1024M) 9.506ms
[2020-05-15T00:58:24.209-0500][gc,cpu       ] GC(0) User=0.06s Sys=0.00s Real=0.02s
[2020-05-15T00:58:24.484-0500][gc,start     ] GC(1) Pause Young (Concurrent Start) (Metadata GC Threshold)
[2020-05-15T00:58:24.484-0500][gc,task      ] GC(1) Using 8 workers of 8 for evacuation
[2020-05-15T00:58:24.491-0500][gc,phases    ] GC(1)   Pre Evacuate Collection Set: 0.0ms
[2020-05-15T00:58:24.491-0500][gc,phases    ] GC(1)   Evacuate Collection Set: 7.0ms
[2020-05-15T00:58:24.491-0500][gc,phases    ] GC(1)   Post Evacuate Collection Set: 0.4ms
[2020-05-15T00:58:24.491-0500][gc,phases    ] GC(1)   Other: 0.2ms
[2020-05-15T00:58:24.491-0500][gc,heap      ] GC(1) Eden regions: 19->0(49)
[2020-05-15T00:58:24.491-0500][gc,heap      ] GC(1) Survivor regions: 7->2(7)
[2020-05-15T00:58:24.491-0500][gc,heap      ] GC(1) Old regions: 2->9
[2020-05-15T00:58:24.491-0500][gc,heap      ] GC(1) Humongous regions: 129->129
[2020-05-15T00:58:24.491-0500][gc,metaspace ] GC(1) Metaspace: 20425K->20425K(1067008K)
[2020-05-15T00:58:24.491-0500][gc           ] GC(1) Pause Young (Concurrent Start) (Metadata GC Threshold) 154M->137M(1024M) 7.718ms
[2020-05-15T00:58:24.491-0500][gc,cpu       ] GC(1) User=0.03s Sys=0.00s Real=0.01s
[2020-05-15T00:58:24.491-0500][gc           ] GC(2) Concurrent Cycle
[2020-05-15T00:58:24.492-0500][gc,marking   ] GC(2) Concurrent Clear Claimed Marks
[2020-05-15T00:58:24.492-0500][gc,marking   ] GC(2) Concurrent Clear Claimed Marks 0.034ms
[2020-05-15T00:58:24.492-0500][gc,marking   ] GC(2) Concurrent Scan Root Regions
[2020-05-15T00:58:24.493-0500][gc,marking   ] GC(2) Concurrent Scan Root Regions 1.064ms
[2020-05-15T00:58:24.493-0500][gc,marking   ] GC(2) Concurrent Mark (1.298s)
[2020-05-15T00:58:24.493-0500][gc,marking   ] GC(2) Concurrent Mark From Roots
[2020-05-15T00:58:24.493-0500][gc,task      ] GC(2) Using 2 workers of 2 for marking
[2020-05-15T00:58:24.499-0500][gc,marking   ] GC(2) Concurrent Mark From Roots 5.902ms
[2020-05-15T00:58:24.499-0500][gc,marking   ] GC(2) Concurrent Preclean
[2020-05-15T00:58:24.499-0500][gc,marking   ] GC(2) Concurrent Preclean 0.121ms
[2020-05-15T00:58:24.499-0500][gc,marking   ] GC(2) Concurrent Mark (1.298s, 1.304s) 6.064ms
[2020-05-15T00:58:24.499-0500][gc,start     ] GC(2) Pause Remark
[2020-05-15T00:58:24.500-0500][gc,stringtable] GC(2) Cleaned string and symbol table, strings: 4950 processed, 0 removed, symbols: 50142 processed, 51 removed
[2020-05-15T00:58:24.500-0500][gc            ] GC(2) Pause Remark 138M->138M(1024M) 1.558ms
[2020-05-15T00:58:24.500-0500][gc,cpu        ] GC(2) User=0.02s Sys=0.00s Real=0.01s
[2020-05-15T00:58:24.500-0500][gc,marking    ] GC(2) Concurrent Rebuild Remembered Sets
[2020-05-15T00:58:24.504-0500][gc,marking    ] GC(2) Concurrent Rebuild Remembered Sets 3.263ms
[2020-05-15T00:58:24.504-0500][gc,start      ] GC(2) Pause Cleanup
[2020-05-15T00:58:24.504-0500][gc            ] GC(2) Pause Cleanup 139M->139M(1024M) 0.157ms
[2020-05-15T00:58:24.504-0500][gc,cpu        ] GC(2) User=0.00s Sys=0.00s Real=0.00s
[2020-05-15T00:58:24.504-0500][gc,marking    ] GC(2) Concurrent Cleanup for Next Mark
[2020-05-15T00:58:24.508-0500][gc,marking    ] GC(2) Concurrent Cleanup for Next Mark 3.615ms
[2020-05-15T00:58:24.508-0500][gc            ] GC(2) Concurrent Cycle 16.213ms
[2020-05-15T00:58:24.990-0500][gc,start      ] GC(3) Pause Young (Normal) (GCLocker Initiated GC)
[2020-05-15T00:58:24.990-0500][gc,task       ] GC(3) Using 8 workers of 8 for evacuation
[2020-05-15T00:58:24.994-0500][gc,phases     ] GC(3)   Pre Evacuate Collection Set: 0.0ms
[2020-05-15T00:58:24.994-0500][gc,phases     ] GC(3)   Evacuate Collection Set: 3.6ms
[2020-05-15T00:58:24.994-0500][gc,phases     ] GC(3)   Post Evacuate Collection Set: 0.3ms
[2020-05-15T00:58:24.994-0500][gc,phases     ] GC(3)   Other: 0.1ms
[2020-05-15T00:58:24.994-0500][gc,heap       ] GC(3) Eden regions: 50->0(46)
[2020-05-15T00:58:24.994-0500][gc,heap       ] GC(3) Survivor regions: 2->5(7)
[2020-05-15T00:58:24.994-0500][gc,heap       ] GC(3) Old regions: 9->9
[2020-05-15T00:58:24.994-0500][gc,heap       ] GC(3) Humongous regions: 129->129
[2020-05-15T00:58:24.994-0500][gc,metaspace  ] GC(3) Metaspace: 30072K->30072K(1077248K)
[2020-05-15T00:58:24.994-0500][gc            ] GC(3) Pause Young (Normal) (GCLocker Initiated GC) 186M->140M(1024M) 4.156ms
[2020-05-15T00:58:24.994-0500][gc,cpu        ] GC(3) User=0.02s Sys=0.00s Real=0.00s
[2020-05-15T00:59:28.155-0500][gc,start      ] GC(4) Pause Young (Concurrent Start) (Metadata GC Threshold)
[2020-05-15T00:59:28.156-0500][gc,task       ] GC(4) Using 8 workers of 8 for evacuation
[2020-05-15T00:59:28.168-0500][gc,phases     ] GC(4)   Pre Evacuate Collection Set: 0.1ms
[2020-05-15T00:59:28.168-0500][gc,phases     ] GC(4)   Evacuate Collection Set: 11.6ms
[2020-05-15T00:59:28.168-0500][gc,phases     ] GC(4)   Post Evacuate Collection Set: 0.5ms
[2020-05-15T00:59:28.168-0500][gc,phases     ] GC(4)   Other: 0.3ms
[2020-05-15T00:59:28.168-0500][gc,heap       ] GC(4) Eden regions: 27->0(49)
[2020-05-15T00:59:28.168-0500][gc,heap       ] GC(4) Survivor regions: 5->2(7)
[2020-05-15T00:59:28.168-0500][gc,heap       ] GC(4) Old regions: 9->14
[2020-05-15T00:59:28.168-0500][gc,heap       ] GC(4) Humongous regions: 129->129
[2020-05-15T00:59:28.168-0500][gc,metaspace  ] GC(4) Metaspace: 34496K->34496K(1079296K)
[2020-05-15T00:59:28.168-0500][gc            ] GC(4) Pause Young (Concurrent Start) (Metadata GC Threshold) 167M->142M(1024M) 12.592ms
[2020-05-15T00:59:28.168-0500][gc,cpu        ] GC(4) User=0.06s Sys=0.00s Real=0.02s
[2020-05-15T00:59:28.168-0500][gc            ] GC(5) Concurrent Cycle
[2020-05-15T00:59:28.168-0500][gc,marking    ] GC(5) Concurrent Clear Claimed Marks
[2020-05-15T00:59:28.168-0500][gc,marking    ] GC(5) Concurrent Clear Claimed Marks 0.059ms
[2020-05-15T00:59:28.168-0500][gc,marking    ] GC(5) Concurrent Scan Root Regions
[2020-05-15T00:59:28.170-0500][gc,marking    ] GC(5) Concurrent Scan Root Regions 1.602ms
[2020-05-15T00:59:28.170-0500][gc,marking    ] GC(5) Concurrent Mark (64.975s)
[2020-05-15T00:59:28.170-0500][gc,marking    ] GC(5) Concurrent Mark From Roots
[2020-05-15T00:59:28.170-0500][gc,task       ] GC(5) Using 2 workers of 2 for marking
[2020-05-15T00:59:28.185-0500][gc,marking    ] GC(5) Concurrent Mark From Roots 15.491ms
[2020-05-15T00:59:28.185-0500][gc,marking    ] GC(5) Concurrent Preclean
[2020-05-15T00:59:28.186-0500][gc,marking    ] GC(5) Concurrent Preclean 0.224ms
[2020-05-15T00:59:28.186-0500][gc,marking    ] GC(5) Concurrent Mark (64.975s, 64.990s) 15.784ms
[2020-05-15T00:59:28.186-0500][gc,start      ] GC(5) Pause Remark
[2020-05-15T00:59:28.199-0500][gc,stringtable] GC(5) Cleaned string and symbol table, strings: 10798 processed, 11 removed, symbols: 78600 processed, 27 removed
[2020-05-15T00:59:28.199-0500][gc            ] GC(5) Pause Remark 143M->143M(1024M) 13.153ms
[2020-05-15T00:59:28.199-0500][gc,cpu        ] GC(5) User=0.08s Sys=0.00s Real=0.01s
[2020-05-15T00:59:28.199-0500][gc,marking    ] GC(5) Concurrent Rebuild Remembered Sets
[2020-05-15T00:59:28.208-0500][gc,marking    ] GC(5) Concurrent Rebuild Remembered Sets 9.355ms
[2020-05-15T00:59:28.209-0500][gc,start      ] GC(5) Pause Cleanup
[2020-05-15T00:59:28.209-0500][gc            ] GC(5) Pause Cleanup 143M->143M(1024M) 0.145ms
[2020-05-15T00:59:28.209-0500][gc,cpu        ] GC(5) User=0.00s Sys=0.00s Real=0.00s
[2020-05-15T00:59:28.209-0500][gc,marking    ] GC(5) Concurrent Cleanup for Next Mark
[2020-05-15T00:59:28.213-0500][gc,marking    ] GC(5) Concurrent Cleanup for Next Mark 3.897ms
[2020-05-15T00:59:28.213-0500][gc            ] GC(5) Concurrent Cycle 44.524ms
[2020-05-15T01:04:43.270-0500][gc,start      ] GC(6) Pause Young (Normal) (G1 Evacuation Pause)
[2020-05-15T01:04:43.270-0500][gc,task       ] GC(6) Using 8 workers of 8 for evacuation
[2020-05-15T01:04:43.278-0500][gc,phases     ] GC(6)   Pre Evacuate Collection Set: 0.0ms
[2020-05-15T01:04:43.278-0500][gc,phases     ] GC(6)   Evacuate Collection Set: 6.5ms
[2020-05-15T01:04:43.278-0500][gc,phases     ] GC(6)   Post Evacuate Collection Set: 0.6ms
[2020-05-15T01:04:43.278-0500][gc,phases     ] GC(6)   Other: 0.3ms
[2020-05-15T01:04:43.278-0500][gc,heap       ] GC(6) Eden regions: 49->0(47)
[2020-05-15T01:04:43.278-0500][gc,heap       ] GC(6) Survivor regions: 2->4(7)
[2020-05-15T01:04:43.278-0500][gc,heap       ] GC(6) Old regions: 14->14
[2020-05-15T01:04:43.278-0500][gc,heap       ] GC(6) Humongous regions: 129->129
[2020-05-15T01:04:43.278-0500][gc,metaspace  ] GC(6) Metaspace: 38380K->38380K(1083392K)
[2020-05-15T01:04:43.278-0500][gc            ] GC(6) Pause Young (Normal) (G1 Evacuation Pause) 191M->144M(1024M) 7.547ms
[2020-05-15T01:04:43.278-0500][gc,cpu        ] GC(6) User=0.05s Sys=0.00s Real=0.00s
[2020-05-15T01:15:48.055-0500][gc,start      ] GC(7) Pause Young (Normal) (G1 Evacuation Pause)
[2020-05-15T01:15:48.055-0500][gc,task       ] GC(7) Using 8 workers of 8 for evacuation
[2020-05-15T01:15:48.064-0500][gc,phases     ] GC(7)   Pre Evacuate Collection Set: 0.1ms
[2020-05-15T01:15:48.064-0500][gc,phases     ] GC(7)   Evacuate Collection Set: 7.8ms
[2020-05-15T01:15:48.064-0500][gc,phases     ] GC(7)   Post Evacuate Collection Set: 0.6ms
[2020-05-15T01:15:48.064-0500][gc,phases     ] GC(7)   Other: 0.4ms
[2020-05-15T01:15:48.064-0500][gc,heap       ] GC(7) Eden regions: 47->0(47)
[2020-05-15T01:15:48.064-0500][gc,heap       ] GC(7) Survivor regions: 4->4(7)
[2020-05-15T01:15:48.064-0500][gc,heap       ] GC(7) Old regions: 14->15
[2020-05-15T01:15:48.064-0500][gc,heap       ] GC(7) Humongous regions: 129->129
[2020-05-15T01:15:48.064-0500][gc,metaspace  ] GC(7) Metaspace: 38627K->38627K(1083392K)
[2020-05-15T01:15:48.064-0500][gc            ] GC(7) Pause Young (Normal) (G1 Evacuation Pause) 191M->145M(1024M) 8.984ms
[2020-05-15T01:15:48.064-0500][gc,cpu        ] GC(7) User=0.05s Sys=0.00s Real=0.01s
[2020-05-15T01:27:54.991-0500][gc,start      ] GC(8) Pause Young (Normal) (G1 Evacuation Pause)
[2020-05-15T01:27:54.991-0500][gc,task       ] GC(8) Using 8 workers of 8 for evacuation
[2020-05-15T01:27:54.996-0500][gc,phases     ] GC(8)   Pre Evacuate Collection Set: 0.0ms
[2020-05-15T01:27:54.996-0500][gc,phases     ] GC(8)   Evacuate Collection Set: 3.5ms
[2020-05-15T01:27:54.996-0500][gc,phases     ] GC(8)   Post Evacuate Collection Set: 0.7ms
[2020-05-15T01:27:54.996-0500][gc,phases     ] GC(8)   Other: 0.2ms
[2020-05-15T01:27:54.996-0500][gc,heap       ] GC(8) Eden regions: 47->0(46)
[2020-05-15T01:27:54.996-0500][gc,heap       ] GC(8) Survivor regions: 4->5(7)
[2020-05-15T01:27:54.996-0500][gc,heap       ] GC(8) Old regions: 15->15
[2020-05-15T01:27:54.996-0500][gc,heap       ] GC(8) Humongous regions: 129->129
[2020-05-15T01:27:54.996-0500][gc,metaspace  ] GC(8) Metaspace: 38680K->38680K(1083392K)
[2020-05-15T01:27:54.996-0500][gc            ] GC(8) Pause Young (Normal) (G1 Evacuation Pause) 192M->146M(1024M) 4.638ms
[2020-05-15T01:27:54.996-0500][gc,cpu        ] GC(8) User=0.03s Sys=0.00s Real=0.00s
[2020-05-15T01:36:34.175-0500][gc,start      ] GC(9) Pause Young (Normal) (G1 Evacuation Pause)
[2020-05-15T01:36:34.175-0500][gc,task       ] GC(9) Using 8 workers of 8 for evacuation
[2020-05-15T01:36:34.187-0500][gc,phases     ] GC(9)   Pre Evacuate Collection Set: 0.1ms
[2020-05-15T01:36:34.187-0500][gc,phases     ] GC(9)   Evacuate Collection Set: 9.0ms
[2020-05-15T01:36:34.187-0500][gc,phases     ] GC(9)   Post Evacuate Collection Set: 2.6ms
[2020-05-15T01:36:34.187-0500][gc,phases     ] GC(9)   Other: 0.4ms
[2020-05-15T01:36:34.187-0500][gc,heap       ] GC(9) Eden regions: 46->0(48)
[2020-05-15T01:36:34.187-0500][gc,heap       ] GC(9) Survivor regions: 5->3(7)
[2020-05-15T01:36:34.187-0500][gc,heap       ] GC(9) Old regions: 15->16
[2020-05-15T01:36:34.187-0500][gc,heap       ] GC(9) Humongous regions: 129->129
[2020-05-15T01:36:34.187-0500][gc,metaspace  ] GC(9) Metaspace: 38765K->38765K(1083392K)
[2020-05-15T01:36:34.187-0500][gc            ] GC(9) Pause Young (Normal) (G1 Evacuation Pause) 192M->146M(1024M) 12.162ms
[2020-05-15T01:36:34.187-0500][gc,cpu        ] GC(9) User=0.05s Sys=0.01s Real=0.02s
[2020-05-15T01:45:19.538-0500][gc,start      ] GC(10) Pause Young (Normal) (G1 Evacuation Pause)
[2020-05-15T01:45:19.538-0500][gc,task       ] GC(10) Using 8 workers of 8 for evacuation
[2020-05-15T01:45:19.543-0500][gc,phases     ] GC(10)   Pre Evacuate Collection Set: 0.0ms
[2020-05-15T01:45:19.543-0500][gc,phases     ] GC(10)   Evacuate Collection Set: 4.3ms
[2020-05-15T01:45:19.543-0500][gc,phases     ] GC(10)   Post Evacuate Collection Set: 0.6ms
[2020-05-15T01:45:19.543-0500][gc,phases     ] GC(10)   Other: 0.3ms
[2020-05-15T01:45:19.543-0500][gc,heap       ] GC(10) Eden regions: 48->0(56)
[2020-05-15T01:45:19.543-0500][gc,heap       ] GC(10) Survivor regions: 3->3(7)
[2020-05-15T01:45:19.543-0500][gc,heap       ] GC(10) Old regions: 16->16
[2020-05-15T01:45:19.543-0500][gc,heap       ] GC(10) Humongous regions: 129->129
[2020-05-15T01:45:19.543-0500][gc,metaspace  ] GC(10) Metaspace: 38847K->38847K(1083392K)
[2020-05-15T01:45:19.543-0500][gc            ] GC(10) Pause Young (Normal) (G1 Evacuation Pause) 194M->146M(1024M) 5.487ms
[2020-05-15T01:45:19.543-0500][gc,cpu        ] GC(10) User=0.03s Sys=0.00s Real=0.01s
[2020-05-15T02:07:38.055-0500][gc,start      ] GC(11) Pause Young (Normal) (G1 Evacuation Pause)
[2020-05-15T02:07:38.055-0500][gc,task       ] GC(11) Using 8 workers of 8 for evacuation
[2020-05-15T02:07:38.060-0500][gc,phases     ] GC(11)   Pre Evacuate Collection Set: 0.0ms
[2020-05-15T02:07:38.060-0500][gc,phases     ] GC(11)   Evacuate Collection Set: 4.0ms
[2020-05-15T02:07:38.060-0500][gc,phases     ] GC(11)   Post Evacuate Collection Set: 0.7ms
[2020-05-15T02:07:38.060-0500][gc,phases     ] GC(11)   Other: 0.3ms
[2020-05-15T02:07:38.060-0500][gc,heap       ] GC(11) Eden regions: 56->0(58)
[2020-05-15T02:07:38.060-0500][gc,heap       ] GC(11) Survivor regions: 3->4(8)
[2020-05-15T02:07:38.060-0500][gc,heap       ] GC(11) Old regions: 16->16
[2020-05-15T02:07:38.060-0500][gc,heap       ] GC(11) Humongous regions: 129->129
[2020-05-15T02:07:38.060-0500][gc,metaspace  ] GC(11) Metaspace: 39281K->39281K(1085440K)
[2020-05-15T02:07:38.060-0500][gc            ] GC(11) Pause Young (Normal) (G1 Evacuation Pause) 202M->146M(1024M) 5.174ms
[2020-05-15T02:07:38.060-0500][gc,cpu        ] GC(11) User=0.03s Sys=0.01s Real=0.01s
[2020-05-15T02:31:16.146-0500][gc,start      ] GC(12) Pause Young (Normal) (G1 Evacuation Pause)
[2020-05-15T02:31:16.146-0500][gc,task       ] GC(12) Using 8 workers of 8 for evacuation
[2020-05-15T02:31:16.152-0500][gc,phases     ] GC(12)   Pre Evacuate Collection Set: 0.0ms
[2020-05-15T02:31:16.152-0500][gc,phases     ] GC(12)   Evacuate Collection Set: 5.4ms
[2020-05-15T02:31:16.152-0500][gc,phases     ] GC(12)   Post Evacuate Collection Set: 0.5ms
[2020-05-15T02:31:16.152-0500][gc,phases     ] GC(12)   Other: 0.4ms
[2020-05-15T02:31:16.152-0500][gc,heap       ] GC(12) Eden regions: 58->0(139)
[2020-05-15T02:31:16.152-0500][gc,heap       ] GC(12) Survivor regions: 4->4(8)
[2020-05-15T02:31:16.152-0500][gc,heap       ] GC(12) Old regions: 16->16
[2020-05-15T02:31:16.152-0500][gc,heap       ] GC(12) Humongous regions: 129->129
[2020-05-15T02:31:16.152-0500][gc,metaspace  ] GC(12) Metaspace: 39305K->39305K(1085440K)
[2020-05-15T02:31:16.152-0500][gc            ] GC(12) Pause Young (Normal) (G1 Evacuation Pause) 204M->146M(1024M) 6.448ms
[2020-05-15T02:31:16.152-0500][gc,cpu        ] GC(12) User=0.04s Sys=0.01s Real=0.01s
