[2020-05-13T20:08:34.750-0500][gc,heap] Heap region size: 1M
[2020-05-13T20:08:34.754-0500][gc     ] Using G1
[2020-05-13T20:08:34.754-0500][gc,heap,coops] Heap address: 0x00000000e0000000, size: 512 MB, Compressed Oops mode: 32-bit
[2020-05-13T20:08:34.754-0500][gc,cds       ] Mark closed archive regions in map: [0x00000000fff00000, 0x00000000fff69ff8]
[2020-05-13T20:08:34.754-0500][gc,cds       ] Mark open archive regions in map: [0x00000000ffe00000, 0x00000000ffe46ff8]
[2020-05-13T20:08:47.667-0500][gc,start     ] GC(0) Pause Young (Normal) (G1 Evacuation Pause)
[2020-05-13T20:08:47.667-0500][gc,task      ] GC(0) Using 8 workers of 8 for evacuation
[2020-05-13T20:08:47.681-0500][gc,phases    ] GC(0)   Pre Evacuate Collection Set: 0.0ms
[2020-05-13T20:08:47.681-0500][gc,phases    ] GC(0)   Evacuate Collection Set: 13.2ms
[2020-05-13T20:08:47.681-0500][gc,phases    ] GC(0)   Post Evacuate Collection Set: 0.4ms
[2020-05-13T20:08:47.681-0500][gc,phases    ] GC(0)   Other: 0.8ms
[2020-05-13T20:08:47.681-0500][gc,heap      ] GC(0) Eden regions: 25->0(21)
[2020-05-13T20:08:47.681-0500][gc,heap      ] GC(0) Survivor regions: 0->4(4)
[2020-05-13T20:08:47.681-0500][gc,heap      ] GC(0) Old regions: 2->4
[2020-05-13T20:08:47.681-0500][gc,heap      ] GC(0) Humongous regions: 0->0
[2020-05-13T20:08:47.681-0500][gc,metaspace ] GC(0) Metaspace: 7547K->7547K(1056768K)
[2020-05-13T20:08:47.681-0500][gc           ] GC(0) Pause Young (Normal) (G1 Evacuation Pause) 25M->5M(512M) 14.501ms
[2020-05-13T20:08:47.681-0500][gc,cpu       ] GC(0) User=0.09s Sys=0.00s Real=0.01s
[2020-05-13T23:06:02.967-0500][gc,heap,exit ] Heap
[2020-05-13T23:06:02.967-0500][gc,heap,exit ]  garbage-first heap   total 524288K, used 21251K [0x00000000e0000000, 0x0000000100000000)
[2020-05-13T23:06:02.967-0500][gc,heap,exit ]   region size 1024K, 20 young (20480K), 4 survivors (4096K)
[2020-05-13T23:06:02.967-0500][gc,heap,exit ]  Metaspace       used 8279K, capacity 8560K, committed 8704K, reserved 1056768K
[2020-05-13T23:06:02.967-0500][gc,heap,exit ]   class space    used 888K, capacity 1004K, committed 1024K, reserved 1048576K
